[dotenv@17.3.1] injecting env (4) from server\.env -- tip: ≡ƒöÉ prevent building .env in docker: https://dotenvx.com/prebuild
Testing gemini-1.5-flash...
gemini-1.5-flash failed: [GoogleGenerativeAI Error]: Error fetching from https://generativelanguage.googleapis.com/v1beta/models/gemini-1.5-flash:generateContent: [404 Not Found] models/gemini-1.5-flash is not found for API version v1beta, or is not supported for generateContent. Call ListModels to see the list of available models and their supported methods.
Testing gemini-1.5-flash-latest...
gemini-1.5-flash-latest failed: [GoogleGenerativeAI Error]: Error fetching from https://generativelanguage.googleapis.com/v1beta/models/gemini-1.5-flash-latest:generateContent: [404 Not Found] models/gemini-1.5-flash-latest is not found for API version v1beta, or is not supported for generateContent. Call ListModels to see the list of available models and their supported methods.
Testing gemini-pro...
gemini-pro failed: [GoogleGenerativeAI Error]: Error fetching from https://generativelanguage.googleapis.com/v1beta/models/gemini-pro:generateContent: [404 Not Found] models/gemini-pro is not found for API version v1beta, or is not supported for generateContent. Call ListModels to see the list of available models and their supported methods.
